exports[`booking reducer should add a guest to the inital state 1`] = `2`;
